// Jest Snapshot v1, https://goo.gl/fbAQLP

exports[`renders Checkout component correctly 1`] = `
ShallowWrapper {
  Symbol(enzyme.__root__): [Circular],
  Symbol(enzyme.__unrendered__): <Checkout />,
  Symbol(enzyme.__renderer__): Object {
    "batchedUpdates": [Function],
    "getNode": [Function],
    "render": [Function],
    "simulateError": [Function],
    "simulateEvent": [Function],
    "unmount": [Function],
  },
  Symbol(enzyme.__node__): Object {
    "instance": null,
    "key": undefined,
    "nodeType": "class",
    "props": Object {
      "ComponentClass": "span",
      "amount": NaN,
      "className": "StripeCheckout",
      "currency": "USD",
      "description": undefined,
      "label": "Pay With Card",
      "locale": "auto",
      "name": undefined,
      "reconfigureOnUpdate": false,
      "stripeKey": "pk_test_gyGeHhPwsQ6mp7K1lSleMa4c",
      "token": [Function],
      "triggerEvent": "onClick",
    },
    "ref": null,
    "rendered": null,
    "type": [Function],
  },
  Symbol(enzyme.__nodes__): Array [
    Object {
      "instance": null,
      "key": undefined,
      "nodeType": "class",
      "props": Object {
        "ComponentClass": "span",
        "amount": NaN,
        "className": "StripeCheckout",
        "currency": "USD",
        "description": undefined,
        "label": "Pay With Card",
        "locale": "auto",
        "name": undefined,
        "reconfigureOnUpdate": false,
        "stripeKey": "pk_test_gyGeHhPwsQ6mp7K1lSleMa4c",
        "token": [Function],
        "triggerEvent": "onClick",
      },
      "ref": null,
      "rendered": null,
      "type": [Function],
    },
  ],
  Symbol(enzyme.__options__): Object {
    "adapter": ReactSixteenAdapter {
      "options": Object {
        "enableComponentDidUpdateOnSetState": true,
        "lifecycles": Object {
          "componentDidUpdate": Object {
            "onSetState": true,
          },
          "getDerivedStateFromProps": true,
          "getSnapshotBeforeUpdate": true,
          "setState": Object {
            "skipsComponentDidUpdateOnNullish": true,
          },
        },
      },
    },
    "attachTo": undefined,
    "hydrateIn": undefined,
  },
}
`;
