// Jest Snapshot v1, https://goo.gl/fbAQLP

exports[`MyReviews Modal shallow renders without crashing 1`] = `
ShallowWrapper {
  Symbol(enzyme.__root__): [Circular],
  Symbol(enzyme.__unrendered__): <MyReviewsModal
    car={
        Object {
            "make": "Toyota",
            "model": "Camry",
            "year": 2018,
          }
    }
    carImage=""
    content="Seriously a great car!"
    score={5}
    title="The best car ever!"
/>,
  Symbol(enzyme.__renderer__): Object {
    "batchedUpdates": [Function],
    "getNode": [Function],
    "render": [Function],
    "simulateError": [Function],
    "simulateEvent": [Function],
    "unmount": [Function],
  },
  Symbol(enzyme.__node__): Object {
    "instance": null,
    "key": undefined,
    "nodeType": "function",
    "props": Object {
      "children": Array [
        <Button
          className="modal-button"
          color="secondary"
          onClick={[Function]}
          tag="button"
>
          <p
                    style={
                              Object {
                                        "fontSize": "1.1em",
                                      }
                    }
          >
                    2018 Toyota Camry
          </p>
          <div
                    style={
                              Object {
                                        "height": "150px",
                                      }
                    }
          >
                    <img
                              alt=""
                              src="default_img.png"
                              style={
                                        Object {
                                                  "height": "100%",
                                                  "maxWidth": "100%",
                                                }
                              }
                    />
          </div>
          <div
                    style={
                              Object {
                                        "display": "flex",
                                        "justifyContent": "center",
                                      }
                    }
          >
                    <ReactStars
                              char="★"
                              color1="gray"
                              color2="#ffd700"
                              count={5}
                              edit={false}
                              half={true}
                              name="score"
                              onChange={[Function]}
                              size={30}
                              type="number"
                              value={5}
                    />
          </div>
</Button>,
        <Modal
          autoFocus={true}
          backdrop={true}
          backdropTransition={
                    Object {
                              "mountOnEnter": true,
                              "timeout": 150,
                            }
          }
          centered={false}
          fade={true}
          isOpen={false}
          keyboard={true}
          modalTransition={
                    Object {
                              "timeout": 300,
                            }
          }
          onClosed={[Function]}
          onOpened={[Function]}
          role="dialog"
          toggle={[Function]}
          zIndex={1050}
>
          <ModalHeader
                    charCode={215}
                    className="modal-header"
                    closeAriaLabel="Close"
                    tag="h5"
                    toggle={[Function]}
                    wrapTag="div"
          >
                    <p>
                              undefined undefined undefined
                    </p>
                    <ReactStars
                              char="★"
                              color1="gray"
                              color2="#ffd700"
                              count={5}
                              edit={false}
                              half={true}
                              name="score"
                              onChange={[Function]}
                              size={30}
                              type="number"
                              value={5}
                    />
                    <div
                              className="mrb-container"
                    >
                              <button
                                        className="my-review-buttons"
                                        onClick={[Function]}
                              >
                                        edit review
                              </button>
                              <div
                                        style={
                                                  Object {
                                                            "width": 10,
                                                          }
                                        }
                              />
                              <button
                                        className="my-review-buttons"
                                        onClick={[Function]}
                              >
                                        delete review
                              </button>
                    </div>
          </ModalHeader>
          <ModalBody
                    className="modal-body"
                    tag="div"
          >
                    <hr />
                    <div>
                              <p>
                                        The best car ever!
                              </p>
                              <p>
                                        Seriously a great car!
                              </p>
                    </div>
          </ModalBody>
</Modal>,
      ],
      "lg": "3",
      "md": "6",
      "sm": "12",
      "tag": "div",
      "widths": Array [
        "xs",
        "sm",
        "md",
        "lg",
        "xl",
      ],
    },
    "ref": null,
    "rendered": Array [
      Object {
        "instance": null,
        "key": undefined,
        "nodeType": "class",
        "props": Object {
          "children": Array [
            <p
              style={
                            Object {
                                          "fontSize": "1.1em",
                                        }
              }
>
              2018 Toyota Camry
</p>,
            <div
              style={
                            Object {
                                          "height": "150px",
                                        }
              }
>
              <img
                            alt=""
                            src="default_img.png"
                            style={
                                          Object {
                                                        "height": "100%",
                                                        "maxWidth": "100%",
                                                      }
                            }
              />
</div>,
            <div
              style={
                            Object {
                                          "display": "flex",
                                          "justifyContent": "center",
                                        }
              }
>
              <ReactStars
                            char="★"
                            color1="gray"
                            color2="#ffd700"
                            count={5}
                            edit={false}
                            half={true}
                            name="score"
                            onChange={[Function]}
                            size={30}
                            type="number"
                            value={5}
              />
</div>,
          ],
          "className": "modal-button",
          "color": "secondary",
          "onClick": [Function],
          "tag": "button",
        },
        "ref": null,
        "rendered": Array [
          Object {
            "instance": null,
            "key": undefined,
            "nodeType": "host",
            "props": Object {
              "children": "2018 Toyota Camry",
              "style": Object {
                "fontSize": "1.1em",
              },
            },
            "ref": null,
            "rendered": "2018 Toyota Camry",
            "type": "p",
          },
          Object {
            "instance": null,
            "key": undefined,
            "nodeType": "host",
            "props": Object {
              "children": <img
                alt=""
                src="default_img.png"
                style={
                                Object {
                                                "height": "100%",
                                                "maxWidth": "100%",
                                              }
                }
/>,
              "style": Object {
                "height": "150px",
              },
            },
            "ref": null,
            "rendered": Object {
              "instance": null,
              "key": undefined,
              "nodeType": "host",
              "props": Object {
                "alt": "",
                "src": "default_img.png",
                "style": Object {
                  "height": "100%",
                  "maxWidth": "100%",
                },
              },
              "ref": null,
              "rendered": null,
              "type": "img",
            },
            "type": "div",
          },
          Object {
            "instance": null,
            "key": undefined,
            "nodeType": "host",
            "props": Object {
              "children": <ReactStars
                char="★"
                color1="gray"
                color2="#ffd700"
                count={5}
                edit={false}
                half={true}
                name="score"
                onChange={[Function]}
                size={30}
                type="number"
                value={5}
/>,
              "style": Object {
                "display": "flex",
                "justifyContent": "center",
              },
            },
            "ref": null,
            "rendered": Object {
              "instance": null,
              "key": undefined,
              "nodeType": "class",
              "props": Object {
                "char": "★",
                "color1": "gray",
                "color2": "#ffd700",
                "count": 5,
                "edit": false,
                "half": true,
                "name": "score",
                "onChange": [Function],
                "size": 30,
                "type": "number",
                "value": 5,
              },
              "ref": null,
              "rendered": null,
              "type": [Function],
            },
            "type": "div",
          },
        ],
        "type": [Function],
      },
      Object {
        "instance": null,
        "key": undefined,
        "nodeType": "class",
        "props": Object {
          "autoFocus": true,
          "backdrop": true,
          "backdropTransition": Object {
            "mountOnEnter": true,
            "timeout": 150,
          },
          "centered": false,
          "children": Array [
            <ModalHeader
              charCode={215}
              className="modal-header"
              closeAriaLabel="Close"
              tag="h5"
              toggle={[Function]}
              wrapTag="div"
>
              <p>
                            undefined undefined undefined
              </p>
              <ReactStars
                            char="★"
                            color1="gray"
                            color2="#ffd700"
                            count={5}
                            edit={false}
                            half={true}
                            name="score"
                            onChange={[Function]}
                            size={30}
                            type="number"
                            value={5}
              />
              <div
                            className="mrb-container"
              >
                            <button
                                          className="my-review-buttons"
                                          onClick={[Function]}
                            >
                                          edit review
                            </button>
                            <div
                                          style={
                                                        Object {
                                                                      "width": 10,
                                                                    }
                                          }
                            />
                            <button
                                          className="my-review-buttons"
                                          onClick={[Function]}
                            >
                                          delete review
                            </button>
              </div>
</ModalHeader>,
            <ModalBody
              className="modal-body"
              tag="div"
>
              <hr />
              <div>
                            <p>
                                          The best car ever!
                            </p>
                            <p>
                                          Seriously a great car!
                            </p>
              </div>
</ModalBody>,
          ],
          "fade": true,
          "isOpen": false,
          "keyboard": true,
          "modalTransition": Object {
            "timeout": 300,
          },
          "onClosed": [Function],
          "onOpened": [Function],
          "role": "dialog",
          "toggle": [Function],
          "zIndex": 1050,
        },
        "ref": null,
        "rendered": Array [
          Object {
            "instance": null,
            "key": undefined,
            "nodeType": "function",
            "props": Object {
              "charCode": 215,
              "children": Array [
                <p>
                  undefined undefined undefined
</p>,
                <ReactStars
                  char="★"
                  color1="gray"
                  color2="#ffd700"
                  count={5}
                  edit={false}
                  half={true}
                  name="score"
                  onChange={[Function]}
                  size={30}
                  type="number"
                  value={5}
/>,
                <div
                  className="mrb-container"
>
                  <button
                                    className="my-review-buttons"
                                    onClick={[Function]}
                  >
                                    edit review
                  </button>
                  <div
                                    style={
                                                      Object {
                                                                        "width": 10,
                                                                      }
                                    }
                  />
                  <button
                                    className="my-review-buttons"
                                    onClick={[Function]}
                  >
                                    delete review
                  </button>
</div>,
              ],
              "className": "modal-header",
              "closeAriaLabel": "Close",
              "tag": "h5",
              "toggle": [Function],
              "wrapTag": "div",
            },
            "ref": null,
            "rendered": Array [
              Object {
                "instance": null,
                "key": undefined,
                "nodeType": "host",
                "props": Object {
                  "children": "undefined undefined undefined",
                },
                "ref": null,
                "rendered": "undefined undefined undefined",
                "type": "p",
              },
              Object {
                "instance": null,
                "key": undefined,
                "nodeType": "class",
                "props": Object {
                  "char": "★",
                  "color1": "gray",
                  "color2": "#ffd700",
                  "count": 5,
                  "edit": false,
                  "half": true,
                  "name": "score",
                  "onChange": [Function],
                  "size": 30,
                  "type": "number",
                  "value": 5,
                },
                "ref": null,
                "rendered": null,
                "type": [Function],
              },
              Object {
                "instance": null,
                "key": undefined,
                "nodeType": "host",
                "props": Object {
                  "children": Array [
                    <button
                      className="my-review-buttons"
                      onClick={[Function]}
>
                      edit review
</button>,
                    <div
                      style={
                                            Object {
                                                                  "width": 10,
                                                                }
                      }
/>,
                    <button
                      className="my-review-buttons"
                      onClick={[Function]}
>
                      delete review
</button>,
                  ],
                  "className": "mrb-container",
                },
                "ref": null,
                "rendered": Array [
                  Object {
                    "instance": null,
                    "key": undefined,
                    "nodeType": "host",
                    "props": Object {
                      "children": "edit review",
                      "className": "my-review-buttons",
                      "onClick": [Function],
                    },
                    "ref": null,
                    "rendered": "edit review",
                    "type": "button",
                  },
                  Object {
                    "instance": null,
                    "key": undefined,
                    "nodeType": "host",
                    "props": Object {
                      "style": Object {
                        "width": 10,
                      },
                    },
                    "ref": null,
                    "rendered": null,
                    "type": "div",
                  },
                  Object {
                    "instance": null,
                    "key": undefined,
                    "nodeType": "host",
                    "props": Object {
                      "children": "delete review",
                      "className": "my-review-buttons",
                      "onClick": [Function],
                    },
                    "ref": null,
                    "rendered": "delete review",
                    "type": "button",
                  },
                ],
                "type": "div",
              },
            ],
            "type": [Function],
          },
          Object {
            "instance": null,
            "key": undefined,
            "nodeType": "function",
            "props": Object {
              "children": Array [
                null,
                <hr />,
                <div>
                  <p>
                                    The best car ever!
                  </p>
                  <p>
                                    Seriously a great car!
                  </p>
</div>,
              ],
              "className": "modal-body",
              "tag": "div",
            },
            "ref": null,
            "rendered": Array [
              null,
              Object {
                "instance": null,
                "key": undefined,
                "nodeType": "host",
                "props": Object {},
                "ref": null,
                "rendered": null,
                "type": "hr",
              },
              Object {
                "instance": null,
                "key": undefined,
                "nodeType": "host",
                "props": Object {
                  "children": Array [
                    <p>
                      The best car ever!
</p>,
                    <p>
                      Seriously a great car!
</p>,
                  ],
                },
                "ref": null,
                "rendered": Array [
                  Object {
                    "instance": null,
                    "key": undefined,
                    "nodeType": "host",
                    "props": Object {
                      "children": "The best car ever!",
                    },
                    "ref": null,
                    "rendered": "The best car ever!",
                    "type": "p",
                  },
                  Object {
                    "instance": null,
                    "key": undefined,
                    "nodeType": "host",
                    "props": Object {
                      "children": "Seriously a great car!",
                    },
                    "ref": null,
                    "rendered": "Seriously a great car!",
                    "type": "p",
                  },
                ],
                "type": "div",
              },
            ],
            "type": [Function],
          },
        ],
        "type": [Function],
      },
    ],
    "type": [Function],
  },
  Symbol(enzyme.__nodes__): Array [
    Object {
      "instance": null,
      "key": undefined,
      "nodeType": "function",
      "props": Object {
        "children": Array [
          <Button
            className="modal-button"
            color="secondary"
            onClick={[Function]}
            tag="button"
>
            <p
                        style={
                                    Object {
                                                "fontSize": "1.1em",
                                              }
                        }
            >
                        2018 Toyota Camry
            </p>
            <div
                        style={
                                    Object {
                                                "height": "150px",
                                              }
                        }
            >
                        <img
                                    alt=""
                                    src="default_img.png"
                                    style={
                                                Object {
                                                            "height": "100%",
                                                            "maxWidth": "100%",
                                                          }
                                    }
                        />
            </div>
            <div
                        style={
                                    Object {
                                                "display": "flex",
                                                "justifyContent": "center",
                                              }
                        }
            >
                        <ReactStars
                                    char="★"
                                    color1="gray"
                                    color2="#ffd700"
                                    count={5}
                                    edit={false}
                                    half={true}
                                    name="score"
                                    onChange={[Function]}
                                    size={30}
                                    type="number"
                                    value={5}
                        />
            </div>
</Button>,
          <Modal
            autoFocus={true}
            backdrop={true}
            backdropTransition={
                        Object {
                                    "mountOnEnter": true,
                                    "timeout": 150,
                                  }
            }
            centered={false}
            fade={true}
            isOpen={false}
            keyboard={true}
            modalTransition={
                        Object {
                                    "timeout": 300,
                                  }
            }
            onClosed={[Function]}
            onOpened={[Function]}
            role="dialog"
            toggle={[Function]}
            zIndex={1050}
>
            <ModalHeader
                        charCode={215}
                        className="modal-header"
                        closeAriaLabel="Close"
                        tag="h5"
                        toggle={[Function]}
                        wrapTag="div"
            >
                        <p>
                                    undefined undefined undefined
                        </p>
                        <ReactStars
                                    char="★"
                                    color1="gray"
                                    color2="#ffd700"
                                    count={5}
                                    edit={false}
                                    half={true}
                                    name="score"
                                    onChange={[Function]}
                                    size={30}
                                    type="number"
                                    value={5}
                        />
                        <div
                                    className="mrb-container"
                        >
                                    <button
                                                className="my-review-buttons"
                                                onClick={[Function]}
                                    >
                                                edit review
                                    </button>
                                    <div
                                                style={
                                                            Object {
                                                                        "width": 10,
                                                                      }
                                                }
                                    />
                                    <button
                                                className="my-review-buttons"
                                                onClick={[Function]}
                                    >
                                                delete review
                                    </button>
                        </div>
            </ModalHeader>
            <ModalBody
                        className="modal-body"
                        tag="div"
            >
                        <hr />
                        <div>
                                    <p>
                                                The best car ever!
                                    </p>
                                    <p>
                                                Seriously a great car!
                                    </p>
                        </div>
            </ModalBody>
</Modal>,
        ],
        "lg": "3",
        "md": "6",
        "sm": "12",
        "tag": "div",
        "widths": Array [
          "xs",
          "sm",
          "md",
          "lg",
          "xl",
        ],
      },
      "ref": null,
      "rendered": Array [
        Object {
          "instance": null,
          "key": undefined,
          "nodeType": "class",
          "props": Object {
            "children": Array [
              <p
                style={
                                Object {
                                                "fontSize": "1.1em",
                                              }
                }
>
                2018 Toyota Camry
</p>,
              <div
                style={
                                Object {
                                                "height": "150px",
                                              }
                }
>
                <img
                                alt=""
                                src="default_img.png"
                                style={
                                                Object {
                                                                "height": "100%",
                                                                "maxWidth": "100%",
                                                              }
                                }
                />
</div>,
              <div
                style={
                                Object {
                                                "display": "flex",
                                                "justifyContent": "center",
                                              }
                }
>
                <ReactStars
                                char="★"
                                color1="gray"
                                color2="#ffd700"
                                count={5}
                                edit={false}
                                half={true}
                                name="score"
                                onChange={[Function]}
                                size={30}
                                type="number"
                                value={5}
                />
</div>,
            ],
            "className": "modal-button",
            "color": "secondary",
            "onClick": [Function],
            "tag": "button",
          },
          "ref": null,
          "rendered": Array [
            Object {
              "instance": null,
              "key": undefined,
              "nodeType": "host",
              "props": Object {
                "children": "2018 Toyota Camry",
                "style": Object {
                  "fontSize": "1.1em",
                },
              },
              "ref": null,
              "rendered": "2018 Toyota Camry",
              "type": "p",
            },
            Object {
              "instance": null,
              "key": undefined,
              "nodeType": "host",
              "props": Object {
                "children": <img
                  alt=""
                  src="default_img.png"
                  style={
                                    Object {
                                                      "height": "100%",
                                                      "maxWidth": "100%",
                                                    }
                  }
/>,
                "style": Object {
                  "height": "150px",
                },
              },
              "ref": null,
              "rendered": Object {
                "instance": null,
                "key": undefined,
                "nodeType": "host",
                "props": Object {
                  "alt": "",
                  "src": "default_img.png",
                  "style": Object {
                    "height": "100%",
                    "maxWidth": "100%",
                  },
                },
                "ref": null,
                "rendered": null,
                "type": "img",
              },
              "type": "div",
            },
            Object {
              "instance": null,
              "key": undefined,
              "nodeType": "host",
              "props": Object {
                "children": <ReactStars
                  char="★"
                  color1="gray"
                  color2="#ffd700"
                  count={5}
                  edit={false}
                  half={true}
                  name="score"
                  onChange={[Function]}
                  size={30}
                  type="number"
                  value={5}
/>,
                "style": Object {
                  "display": "flex",
                  "justifyContent": "center",
                },
              },
              "ref": null,
              "rendered": Object {
                "instance": null,
                "key": undefined,
                "nodeType": "class",
                "props": Object {
                  "char": "★",
                  "color1": "gray",
                  "color2": "#ffd700",
                  "count": 5,
                  "edit": false,
                  "half": true,
                  "name": "score",
                  "onChange": [Function],
                  "size": 30,
                  "type": "number",
                  "value": 5,
                },
                "ref": null,
                "rendered": null,
                "type": [Function],
              },
              "type": "div",
            },
          ],
          "type": [Function],
        },
        Object {
          "instance": null,
          "key": undefined,
          "nodeType": "class",
          "props": Object {
            "autoFocus": true,
            "backdrop": true,
            "backdropTransition": Object {
              "mountOnEnter": true,
              "timeout": 150,
            },
            "centered": false,
            "children": Array [
              <ModalHeader
                charCode={215}
                className="modal-header"
                closeAriaLabel="Close"
                tag="h5"
                toggle={[Function]}
                wrapTag="div"
>
                <p>
                                undefined undefined undefined
                </p>
                <ReactStars
                                char="★"
                                color1="gray"
                                color2="#ffd700"
                                count={5}
                                edit={false}
                                half={true}
                                name="score"
                                onChange={[Function]}
                                size={30}
                                type="number"
                                value={5}
                />
                <div
                                className="mrb-container"
                >
                                <button
                                                className="my-review-buttons"
                                                onClick={[Function]}
                                >
                                                edit review
                                </button>
                                <div
                                                style={
                                                                Object {
                                                                                "width": 10,
                                                                              }
                                                }
                                />
                                <button
                                                className="my-review-buttons"
                                                onClick={[Function]}
                                >
                                                delete review
                                </button>
                </div>
</ModalHeader>,
              <ModalBody
                className="modal-body"
                tag="div"
>
                <hr />
                <div>
                                <p>
                                                The best car ever!
                                </p>
                                <p>
                                                Seriously a great car!
                                </p>
                </div>
</ModalBody>,
            ],
            "fade": true,
            "isOpen": false,
            "keyboard": true,
            "modalTransition": Object {
              "timeout": 300,
            },
            "onClosed": [Function],
            "onOpened": [Function],
            "role": "dialog",
            "toggle": [Function],
            "zIndex": 1050,
          },
          "ref": null,
          "rendered": Array [
            Object {
              "instance": null,
              "key": undefined,
              "nodeType": "function",
              "props": Object {
                "charCode": 215,
                "children": Array [
                  <p>
                    undefined undefined undefined
</p>,
                  <ReactStars
                    char="★"
                    color1="gray"
                    color2="#ffd700"
                    count={5}
                    edit={false}
                    half={true}
                    name="score"
                    onChange={[Function]}
                    size={30}
                    type="number"
                    value={5}
/>,
                  <div
                    className="mrb-container"
>
                    <button
                                        className="my-review-buttons"
                                        onClick={[Function]}
                    >
                                        edit review
                    </button>
                    <div
                                        style={
                                                            Object {
                                                                                "width": 10,
                                                                              }
                                        }
                    />
                    <button
                                        className="my-review-buttons"
                                        onClick={[Function]}
                    >
                                        delete review
                    </button>
</div>,
                ],
                "className": "modal-header",
                "closeAriaLabel": "Close",
                "tag": "h5",
                "toggle": [Function],
                "wrapTag": "div",
              },
              "ref": null,
              "rendered": Array [
                Object {
                  "instance": null,
                  "key": undefined,
                  "nodeType": "host",
                  "props": Object {
                    "children": "undefined undefined undefined",
                  },
                  "ref": null,
                  "rendered": "undefined undefined undefined",
                  "type": "p",
                },
                Object {
                  "instance": null,
                  "key": undefined,
                  "nodeType": "class",
                  "props": Object {
                    "char": "★",
                    "color1": "gray",
                    "color2": "#ffd700",
                    "count": 5,
                    "edit": false,
                    "half": true,
                    "name": "score",
                    "onChange": [Function],
                    "size": 30,
                    "type": "number",
                    "value": 5,
                  },
                  "ref": null,
                  "rendered": null,
                  "type": [Function],
                },
                Object {
                  "instance": null,
                  "key": undefined,
                  "nodeType": "host",
                  "props": Object {
                    "children": Array [
                      <button
                        className="my-review-buttons"
                        onClick={[Function]}
>
                        edit review
</button>,
                      <div
                        style={
                                                Object {
                                                                        "width": 10,
                                                                      }
                        }
/>,
                      <button
                        className="my-review-buttons"
                        onClick={[Function]}
>
                        delete review
</button>,
                    ],
                    "className": "mrb-container",
                  },
                  "ref": null,
                  "rendered": Array [
                    Object {
                      "instance": null,
                      "key": undefined,
                      "nodeType": "host",
                      "props": Object {
                        "children": "edit review",
                        "className": "my-review-buttons",
                        "onClick": [Function],
                      },
                      "ref": null,
                      "rendered": "edit review",
                      "type": "button",
                    },
                    Object {
                      "instance": null,
                      "key": undefined,
                      "nodeType": "host",
                      "props": Object {
                        "style": Object {
                          "width": 10,
                        },
                      },
                      "ref": null,
                      "rendered": null,
                      "type": "div",
                    },
                    Object {
                      "instance": null,
                      "key": undefined,
                      "nodeType": "host",
                      "props": Object {
                        "children": "delete review",
                        "className": "my-review-buttons",
                        "onClick": [Function],
                      },
                      "ref": null,
                      "rendered": "delete review",
                      "type": "button",
                    },
                  ],
                  "type": "div",
                },
              ],
              "type": [Function],
            },
            Object {
              "instance": null,
              "key": undefined,
              "nodeType": "function",
              "props": Object {
                "children": Array [
                  null,
                  <hr />,
                  <div>
                    <p>
                                        The best car ever!
                    </p>
                    <p>
                                        Seriously a great car!
                    </p>
</div>,
                ],
                "className": "modal-body",
                "tag": "div",
              },
              "ref": null,
              "rendered": Array [
                null,
                Object {
                  "instance": null,
                  "key": undefined,
                  "nodeType": "host",
                  "props": Object {},
                  "ref": null,
                  "rendered": null,
                  "type": "hr",
                },
                Object {
                  "instance": null,
                  "key": undefined,
                  "nodeType": "host",
                  "props": Object {
                    "children": Array [
                      <p>
                        The best car ever!
</p>,
                      <p>
                        Seriously a great car!
</p>,
                    ],
                  },
                  "ref": null,
                  "rendered": Array [
                    Object {
                      "instance": null,
                      "key": undefined,
                      "nodeType": "host",
                      "props": Object {
                        "children": "The best car ever!",
                      },
                      "ref": null,
                      "rendered": "The best car ever!",
                      "type": "p",
                    },
                    Object {
                      "instance": null,
                      "key": undefined,
                      "nodeType": "host",
                      "props": Object {
                        "children": "Seriously a great car!",
                      },
                      "ref": null,
                      "rendered": "Seriously a great car!",
                      "type": "p",
                    },
                  ],
                  "type": "div",
                },
              ],
              "type": [Function],
            },
          ],
          "type": [Function],
        },
      ],
      "type": [Function],
    },
  ],
  Symbol(enzyme.__options__): Object {
    "adapter": ReactSixteenAdapter {
      "options": Object {
        "enableComponentDidUpdateOnSetState": true,
        "lifecycles": Object {
          "componentDidUpdate": Object {
            "onSetState": true,
          },
          "getDerivedStateFromProps": true,
          "getSnapshotBeforeUpdate": true,
          "setState": Object {
            "skipsComponentDidUpdateOnNullish": true,
          },
        },
      },
    },
    "attachTo": undefined,
    "hydrateIn": undefined,
  },
}
`;
