// Jest Snapshot v1, https://goo.gl/fbAQLP

exports[`PopularCar shallow renders without crashing 1`] = `
ShallowWrapper {
  Symbol(enzyme.__root__): [Circular],
  Symbol(enzyme.__unrendered__): <PopularCar
    imageURL={
        Array [
            "http://tineye.com/images/widgets/mona.jpg",
          ]
    }
/>,
  Symbol(enzyme.__renderer__): Object {
    "batchedUpdates": [Function],
    "getNode": [Function],
    "render": [Function],
    "simulateError": [Function],
    "simulateEvent": [Function],
    "unmount": [Function],
  },
  Symbol(enzyme.__node__): Object {
    "instance": null,
    "key": undefined,
    "nodeType": "host",
    "props": Object {
      "children": Array [
        <Unknown />,
        <Button
          className="modal-button"
          color="secondary"
          onClick={[Function]}
          tag="button"
>
          <p
                    style={
                              Object {
                                        "fontSize": "1.1em",
                                      }
                    }
          >
                     undefined undefined
          </p>
          <div
                    style={
                              Object {
                                        "height": "150px",
                                      }
                    }
          >
                    <img
                              alt=""
                              src="http://tineye.com/images/widgets/mona.jpg"
                              style={
                                        Object {
                                                  "height": "100%",
                                                  "maxWidth": "100%",
                                                }
                              }
                    />
          </div>
          <div
                    style={
                              Object {
                                        "display": "flex",
                                        "justifyContent": "center",
                                      }
                    }
          />
</Button>,
      ],
    },
    "ref": null,
    "rendered": Array [
      Object {
        "instance": null,
        "key": undefined,
        "nodeType": "function",
        "props": Object {},
        "ref": null,
        "rendered": null,
        "type": Symbol(react.fragment),
      },
      Object {
        "instance": null,
        "key": undefined,
        "nodeType": "class",
        "props": Object {
          "children": Array [
            <p
              style={
                            Object {
                                          "fontSize": "1.1em",
                                        }
              }
>
               undefined undefined
</p>,
            <div
              style={
                            Object {
                                          "height": "150px",
                                        }
              }
>
              <img
                            alt=""
                            src="http://tineye.com/images/widgets/mona.jpg"
                            style={
                                          Object {
                                                        "height": "100%",
                                                        "maxWidth": "100%",
                                                      }
                            }
              />
</div>,
            <div
              style={
                            Object {
                                          "display": "flex",
                                          "justifyContent": "center",
                                        }
              }
/>,
          ],
          "className": "modal-button",
          "color": "secondary",
          "onClick": [Function],
          "tag": "button",
        },
        "ref": null,
        "rendered": Array [
          Object {
            "instance": null,
            "key": undefined,
            "nodeType": "host",
            "props": Object {
              "children": " undefined undefined",
              "style": Object {
                "fontSize": "1.1em",
              },
            },
            "ref": null,
            "rendered": " undefined undefined",
            "type": "p",
          },
          Object {
            "instance": null,
            "key": undefined,
            "nodeType": "host",
            "props": Object {
              "children": <img
                alt=""
                src="http://tineye.com/images/widgets/mona.jpg"
                style={
                                Object {
                                                "height": "100%",
                                                "maxWidth": "100%",
                                              }
                }
/>,
              "style": Object {
                "height": "150px",
              },
            },
            "ref": null,
            "rendered": Object {
              "instance": null,
              "key": undefined,
              "nodeType": "host",
              "props": Object {
                "alt": "",
                "src": "http://tineye.com/images/widgets/mona.jpg",
                "style": Object {
                  "height": "100%",
                  "maxWidth": "100%",
                },
              },
              "ref": null,
              "rendered": null,
              "type": "img",
            },
            "type": "div",
          },
          Object {
            "instance": null,
            "key": undefined,
            "nodeType": "host",
            "props": Object {
              "style": Object {
                "display": "flex",
                "justifyContent": "center",
              },
            },
            "ref": null,
            "rendered": null,
            "type": "div",
          },
        ],
        "type": [Function],
      },
    ],
    "type": "div",
  },
  Symbol(enzyme.__nodes__): Array [
    Object {
      "instance": null,
      "key": undefined,
      "nodeType": "host",
      "props": Object {
        "children": Array [
          <Unknown />,
          <Button
            className="modal-button"
            color="secondary"
            onClick={[Function]}
            tag="button"
>
            <p
                        style={
                                    Object {
                                                "fontSize": "1.1em",
                                              }
                        }
            >
                         undefined undefined
            </p>
            <div
                        style={
                                    Object {
                                                "height": "150px",
                                              }
                        }
            >
                        <img
                                    alt=""
                                    src="http://tineye.com/images/widgets/mona.jpg"
                                    style={
                                                Object {
                                                            "height": "100%",
                                                            "maxWidth": "100%",
                                                          }
                                    }
                        />
            </div>
            <div
                        style={
                                    Object {
                                                "display": "flex",
                                                "justifyContent": "center",
                                              }
                        }
            />
</Button>,
        ],
      },
      "ref": null,
      "rendered": Array [
        Object {
          "instance": null,
          "key": undefined,
          "nodeType": "function",
          "props": Object {},
          "ref": null,
          "rendered": null,
          "type": Symbol(react.fragment),
        },
        Object {
          "instance": null,
          "key": undefined,
          "nodeType": "class",
          "props": Object {
            "children": Array [
              <p
                style={
                                Object {
                                                "fontSize": "1.1em",
                                              }
                }
>
                 undefined undefined
</p>,
              <div
                style={
                                Object {
                                                "height": "150px",
                                              }
                }
>
                <img
                                alt=""
                                src="http://tineye.com/images/widgets/mona.jpg"
                                style={
                                                Object {
                                                                "height": "100%",
                                                                "maxWidth": "100%",
                                                              }
                                }
                />
</div>,
              <div
                style={
                                Object {
                                                "display": "flex",
                                                "justifyContent": "center",
                                              }
                }
/>,
            ],
            "className": "modal-button",
            "color": "secondary",
            "onClick": [Function],
            "tag": "button",
          },
          "ref": null,
          "rendered": Array [
            Object {
              "instance": null,
              "key": undefined,
              "nodeType": "host",
              "props": Object {
                "children": " undefined undefined",
                "style": Object {
                  "fontSize": "1.1em",
                },
              },
              "ref": null,
              "rendered": " undefined undefined",
              "type": "p",
            },
            Object {
              "instance": null,
              "key": undefined,
              "nodeType": "host",
              "props": Object {
                "children": <img
                  alt=""
                  src="http://tineye.com/images/widgets/mona.jpg"
                  style={
                                    Object {
                                                      "height": "100%",
                                                      "maxWidth": "100%",
                                                    }
                  }
/>,
                "style": Object {
                  "height": "150px",
                },
              },
              "ref": null,
              "rendered": Object {
                "instance": null,
                "key": undefined,
                "nodeType": "host",
                "props": Object {
                  "alt": "",
                  "src": "http://tineye.com/images/widgets/mona.jpg",
                  "style": Object {
                    "height": "100%",
                    "maxWidth": "100%",
                  },
                },
                "ref": null,
                "rendered": null,
                "type": "img",
              },
              "type": "div",
            },
            Object {
              "instance": null,
              "key": undefined,
              "nodeType": "host",
              "props": Object {
                "style": Object {
                  "display": "flex",
                  "justifyContent": "center",
                },
              },
              "ref": null,
              "rendered": null,
              "type": "div",
            },
          ],
          "type": [Function],
        },
      ],
      "type": "div",
    },
  ],
  Symbol(enzyme.__options__): Object {
    "adapter": ReactSixteenAdapter {
      "options": Object {
        "enableComponentDidUpdateOnSetState": true,
        "lifecycles": Object {
          "componentDidUpdate": Object {
            "onSetState": true,
          },
          "getDerivedStateFromProps": true,
          "getSnapshotBeforeUpdate": true,
          "setState": Object {
            "skipsComponentDidUpdateOnNullish": true,
          },
        },
      },
    },
    "attachTo": undefined,
    "hydrateIn": undefined,
  },
}
`;
